// Jest Snapshot v1, https://goo.gl/fbAQLP

exports[`Log Essentials package when doing standard logging should match the snapshot 1`] = `
Array [
  Array [
    "[32mâœ”[39m",
    "Hello, world!
",
  ],
  Array [
    "[33mâš [39m",
    "Hello, world!
",
  ],
  Array [
    "[34mâ„¹[39m",
    "Hello, world!
",
  ],
  Array [
    "[31mâœ–[39m",
    "Hello, world!
",
  ],
  Array [
    "Hello, world!
",
  ],
  Array [
    "Hello, world!
",
  ],
]
`;

exports[`Log Essentials package when using a logger with options should match the snapshot 1`] = `
Array [
  Array [
    "[my-other-namespace]",
    ":",
    "[32mâœ”[39m",
    "Hello, world!
",
  ],
  Array [
    "[my-other-namespace]",
    ":",
    "[33mâš [39m",
    "Hello, world!
",
  ],
  Array [
    "[my-other-namespace]",
    ":",
    "[34mâ„¹[39m",
    "Hello, world!
",
  ],
  Array [
    "[my-other-namespace]",
    ":",
    "[31mâœ–[39m",
    "Hello, world!
",
  ],
  Array [
    "[my-other-namespace]",
    ":",
    "Hello, world!
",
  ],
  Array [
    "[my-other-namespace]",
    ":",
    "Hello, world!
",
  ],
]
`;

exports[`Log Essentials package when using a namespaced logger should match the snapshot 1`] = `
Array [
  Array [
    "[my-namespace]",
    ":",
    "[32mâœ”[39m",
    "Hello, world!
",
  ],
  Array [
    "[my-namespace]",
    ":",
    "[33mâš [39m",
    "Hello, world!
",
  ],
  Array [
    "[my-namespace]",
    ":",
    "[34mâ„¹[39m",
    "Hello, world!
",
  ],
  Array [
    "[my-namespace]",
    "=>",
    "[31mâœ–[39m",
    "Hello, world!
",
  ],
  Array [
    "[my-namespace]",
    "=>",
    "Hello, world!
",
  ],
  Array [
    "[my-namespace]",
    "=>",
    "Hello, world!
",
  ],
]
`;
